// Jest Snapshot v1, https://goo.gl/fbAQLP

exports[`Renders the HOC 1`] = `
<Permit
  permissions={600}
  role="admin"
  roles={
    Object {
      "admin": 0,
      "editor": 1,
      "guest": 2,
    }
  }
>
  <AdminComponent />
</Permit>
`;
